// Jest Snapshot v1, https://goo.gl/fbAQLP

exports[`IntervalSelection Should render it correctly 1`] = `
Object {
  "asFragment": [Function],
  "baseElement": <body>
    <div>
      <div
        class="MuiGrid-root MuiGrid-container MuiGrid-spacing-xs-1"
      >
        <div
          class="MuiGrid-root MuiGrid-item"
        >
          <div
            class="MuiButtonBase-root MuiChip-root MuiChip-colorSecondary MuiChip-clickableColorSecondary MuiChip-outlined MuiChip-outlinedSecondary MuiChip-clickable"
            role="button"
            tabindex="0"
          >
            <span
              class="MuiChip-label"
            >
              1D
            </span>
            <span
              class="MuiTouchRipple-root"
            />
          </div>
        </div>
        <div
          class="MuiGrid-root MuiGrid-item"
        >
          <div
            class="MuiButtonBase-root MuiChip-root MuiChip-outlined MuiChip-clickable"
            role="button"
            tabindex="0"
          >
            <span
              class="MuiChip-label"
            >
              1W
            </span>
            <span
              class="MuiTouchRipple-root"
            />
          </div>
        </div>
        <div
          class="MuiGrid-root MuiGrid-item"
        >
          <div
            class="MuiButtonBase-root MuiChip-root MuiChip-outlined MuiChip-clickable"
            role="button"
            tabindex="0"
          >
            <span
              class="MuiChip-label"
            >
              1M
            </span>
            <span
              class="MuiTouchRipple-root"
            />
          </div>
        </div>
        <div
          class="MuiGrid-root MuiGrid-item"
        >
          <div
            class="MuiButtonBase-root MuiChip-root MuiChip-outlined MuiChip-clickable"
            role="button"
            tabindex="0"
          >
            <span
              class="MuiChip-label"
            >
              3M
            </span>
            <span
              class="MuiTouchRipple-root"
            />
          </div>
        </div>
        <div
          class="MuiGrid-root MuiGrid-item"
        >
          <div
            class="MuiButtonBase-root MuiChip-root MuiChip-outlined MuiChip-clickable"
            role="button"
            tabindex="0"
          >
            <span
              class="MuiChip-label"
            >
              6M
            </span>
            <span
              class="MuiTouchRipple-root"
            />
          </div>
        </div>
        <div
          class="MuiGrid-root MuiGrid-item"
        >
          <div
            class="MuiButtonBase-root MuiChip-root MuiChip-outlined MuiChip-clickable"
            role="button"
            tabindex="0"
          >
            <span
              class="MuiChip-label"
            >
              1Y
            </span>
            <span
              class="MuiTouchRipple-root"
            />
          </div>
        </div>
        <div
          class="MuiGrid-root MuiGrid-item"
        >
          <div
            class="MuiButtonBase-root MuiChip-root MuiChip-outlined MuiChip-clickable"
            role="button"
            tabindex="0"
          >
            <span
              class="MuiChip-label"
            >
              ALL
            </span>
            <span
              class="MuiTouchRipple-root"
            />
          </div>
        </div>
      </div>
    </div>
  </body>,
  "container": <div>
    <div
      class="MuiGrid-root MuiGrid-container MuiGrid-spacing-xs-1"
    >
      <div
        class="MuiGrid-root MuiGrid-item"
      >
        <div
          class="MuiButtonBase-root MuiChip-root MuiChip-colorSecondary MuiChip-clickableColorSecondary MuiChip-outlined MuiChip-outlinedSecondary MuiChip-clickable"
          role="button"
          tabindex="0"
        >
          <span
            class="MuiChip-label"
          >
            1D
          </span>
          <span
            class="MuiTouchRipple-root"
          />
        </div>
      </div>
      <div
        class="MuiGrid-root MuiGrid-item"
      >
        <div
          class="MuiButtonBase-root MuiChip-root MuiChip-outlined MuiChip-clickable"
          role="button"
          tabindex="0"
        >
          <span
            class="MuiChip-label"
          >
            1W
          </span>
          <span
            class="MuiTouchRipple-root"
          />
        </div>
      </div>
      <div
        class="MuiGrid-root MuiGrid-item"
      >
        <div
          class="MuiButtonBase-root MuiChip-root MuiChip-outlined MuiChip-clickable"
          role="button"
          tabindex="0"
        >
          <span
            class="MuiChip-label"
          >
            1M
          </span>
          <span
            class="MuiTouchRipple-root"
          />
        </div>
      </div>
      <div
        class="MuiGrid-root MuiGrid-item"
      >
        <div
          class="MuiButtonBase-root MuiChip-root MuiChip-outlined MuiChip-clickable"
          role="button"
          tabindex="0"
        >
          <span
            class="MuiChip-label"
          >
            3M
          </span>
          <span
            class="MuiTouchRipple-root"
          />
        </div>
      </div>
      <div
        class="MuiGrid-root MuiGrid-item"
      >
        <div
          class="MuiButtonBase-root MuiChip-root MuiChip-outlined MuiChip-clickable"
          role="button"
          tabindex="0"
        >
          <span
            class="MuiChip-label"
          >
            6M
          </span>
          <span
            class="MuiTouchRipple-root"
          />
        </div>
      </div>
      <div
        class="MuiGrid-root MuiGrid-item"
      >
        <div
          class="MuiButtonBase-root MuiChip-root MuiChip-outlined MuiChip-clickable"
          role="button"
          tabindex="0"
        >
          <span
            class="MuiChip-label"
          >
            1Y
          </span>
          <span
            class="MuiTouchRipple-root"
          />
        </div>
      </div>
      <div
        class="MuiGrid-root MuiGrid-item"
      >
        <div
          class="MuiButtonBase-root MuiChip-root MuiChip-outlined MuiChip-clickable"
          role="button"
          tabindex="0"
        >
          <span
            class="MuiChip-label"
          >
            ALL
          </span>
          <span
            class="MuiTouchRipple-root"
          />
        </div>
      </div>
    </div>
  </div>,
  "debug": [Function],
  "findAllByAltText": [Function],
  "findAllByDisplayValue": [Function],
  "findAllByLabelText": [Function],
  "findAllByPlaceholderText": [Function],
  "findAllByRole": [Function],
  "findAllByTestId": [Function],
  "findAllByText": [Function],
  "findAllByTitle": [Function],
  "findByAltText": [Function],
  "findByDisplayValue": [Function],
  "findByLabelText": [Function],
  "findByPlaceholderText": [Function],
  "findByRole": [Function],
  "findByTestId": [Function],
  "findByText": [Function],
  "findByTitle": [Function],
  "getAllByAltText": [Function],
  "getAllByDisplayValue": [Function],
  "getAllByLabelText": [Function],
  "getAllByPlaceholderText": [Function],
  "getAllByRole": [Function],
  "getAllByTestId": [Function],
  "getAllByText": [Function],
  "getAllByTitle": [Function],
  "getByAltText": [Function],
  "getByDisplayValue": [Function],
  "getByLabelText": [Function],
  "getByPlaceholderText": [Function],
  "getByRole": [Function],
  "getByTestId": [Function],
  "getByText": [Function],
  "getByTitle": [Function],
  "queryAllByAltText": [Function],
  "queryAllByDisplayValue": [Function],
  "queryAllByLabelText": [Function],
  "queryAllByPlaceholderText": [Function],
  "queryAllByRole": [Function],
  "queryAllByTestId": [Function],
  "queryAllByText": [Function],
  "queryAllByTitle": [Function],
  "queryByAltText": [Function],
  "queryByDisplayValue": [Function],
  "queryByLabelText": [Function],
  "queryByPlaceholderText": [Function],
  "queryByRole": [Function],
  "queryByTestId": [Function],
  "queryByText": [Function],
  "queryByTitle": [Function],
  "rerender": [Function],
  "unmount": [Function],
}
`;
