// Jest Snapshot v1, https://goo.gl/fbAQLP

exports[`ExchangeAssetContent Should render it correctly 1`] = `
Object {
  "asFragment": [Function],
  "baseElement": <body>
    <div>
      <div
        class="MuiPaper-root MuiTableContainer-root MuiPaper-elevation6 MuiPaper-rounded"
      >
        <table
          class="MuiTable-root"
        >
          <thead
            class="MuiTableHead-root"
          >
            <tr
              class="MuiTableRow-root MuiTableRow-head"
            >
              <th
                class="MuiTableCell-root MuiTableCell-head"
                scope="col"
              >
                <span
                  aria-disabled="false"
                  class="MuiButtonBase-root MuiTableSortLabel-root"
                  role="button"
                  tabindex="0"
                >
                  Exchange
                  <svg
                    aria-hidden="true"
                    class="MuiSvgIcon-root MuiTableSortLabel-icon MuiTableSortLabel-iconDirectionDesc"
                    focusable="false"
                    viewBox="0 0 24 24"
                  >
                    <path
                      d="M20 12l-1.41-1.41L13 16.17V4h-2v12.17l-5.58-5.59L4 12l8 8 8-8z"
                    />
                  </svg>
                </span>
              </th>
              <th
                class="MuiTableCell-root MuiTableCell-head"
                scope="col"
              >
                Pair
              </th>
              <th
                class="MuiTableCell-root MuiTableCell-head MuiTableCell-alignRight"
                scope="col"
              >
                <span
                  aria-disabled="false"
                  class="MuiButtonBase-root MuiTableSortLabel-root"
                  role="button"
                  tabindex="0"
                >
                  Price
                  <svg
                    aria-hidden="true"
                    class="MuiSvgIcon-root MuiTableSortLabel-icon MuiTableSortLabel-iconDirectionDesc"
                    focusable="false"
                    viewBox="0 0 24 24"
                  >
                    <path
                      d="M20 12l-1.41-1.41L13 16.17V4h-2v12.17l-5.58-5.59L4 12l8 8 8-8z"
                    />
                  </svg>
                </span>
              </th>
              <th
                class="MuiTableCell-root MuiTableCell-head MuiTableCell-alignRight"
                scope="col"
              >
                <span
                  aria-disabled="false"
                  class="MuiButtonBase-root MuiTableSortLabel-root MuiTableSortLabel-active"
                  role="button"
                  tabindex="0"
                >
                  Volume (24H)
                  <svg
                    aria-hidden="true"
                    class="MuiSvgIcon-root MuiTableSortLabel-icon MuiTableSortLabel-iconDirectionDesc"
                    focusable="false"
                    viewBox="0 0 24 24"
                  >
                    <path
                      d="M20 12l-1.41-1.41L13 16.17V4h-2v12.17l-5.58-5.59L4 12l8 8 8-8z"
                    />
                  </svg>
                </span>
              </th>
              <th
                class="MuiTableCell-root MuiTableCell-head MuiTableCell-alignRight"
                scope="col"
              >
                <span
                  aria-disabled="false"
                  class="MuiButtonBase-root MuiTableSortLabel-root"
                  role="button"
                  tabindex="0"
                >
                  Volume (%)
                  <svg
                    aria-hidden="true"
                    class="MuiSvgIcon-root MuiTableSortLabel-icon MuiTableSortLabel-iconDirectionDesc"
                    focusable="false"
                    viewBox="0 0 24 24"
                  >
                    <path
                      d="M20 12l-1.41-1.41L13 16.17V4h-2v12.17l-5.58-5.59L4 12l8 8 8-8z"
                    />
                  </svg>
                </span>
              </th>
              <th
                class="MuiTableCell-root MuiTableCell-head MuiTableCell-alignCenter"
                scope="col"
              >
                <span
                  aria-disabled="false"
                  class="MuiButtonBase-root MuiTableSortLabel-root"
                  role="button"
                  tabindex="0"
                >
                  Status
                  <svg
                    aria-hidden="true"
                    class="MuiSvgIcon-root MuiTableSortLabel-icon MuiTableSortLabel-iconDirectionDesc"
                    focusable="false"
                    viewBox="0 0 24 24"
                  >
                    <path
                      d="M20 12l-1.41-1.41L13 16.17V4h-2v12.17l-5.58-5.59L4 12l8 8 8-8z"
                    />
                  </svg>
                </span>
              </th>
            </tr>
          </thead>
          <tbody
            class="MuiTableBody-root"
          >
            <tr
              class="MuiTableRow-root"
            >
              <td
                class="MuiTableCell-root MuiTableCell-body"
              >
                Binance
              </td>
              <td
                class="MuiTableCell-root MuiTableCell-body"
              >
                BTC
                /
                USDT
              </td>
              <td
                class="MuiTableCell-root MuiTableCell-body MuiTableCell-alignRight"
              >
                $47,483.61
              </td>
              <td
                class="MuiTableCell-root MuiTableCell-body MuiTableCell-alignRight"
              >
                $3,822,582,087
              </td>
              <td
                class="MuiTableCell-root MuiTableCell-body MuiTableCell-alignRight"
              >
                18.27%
              </td>
              <td
                class="MuiTableCell-root MuiTableCell-body MuiTableCell-alignCenter"
              >
                <button
                  class="MuiButtonBase-root MuiIconButton-root MuiIconButton-sizeSmall"
                  tabindex="0"
                  title="in 5 minutes"
                  type="button"
                >
                  <span
                    class="MuiIconButton-label"
                  >
                    <div
                      class="ExchangeStatus-status-1 ExchangeStatus-available-2"
                    />
                  </span>
                  <span
                    class="MuiTouchRipple-root"
                  />
                </button>
              </td>
            </tr>
            <tr
              class="MuiTableRow-root"
            >
              <td
                class="MuiTableCell-root MuiTableCell-body"
              >
                Bit-Z
              </td>
              <td
                class="MuiTableCell-root MuiTableCell-body"
              >
                BTC
                /
                USDT
              </td>
              <td
                class="MuiTableCell-root MuiTableCell-body MuiTableCell-alignRight"
              >
                $47,489.03
              </td>
              <td
                class="MuiTableCell-root MuiTableCell-body MuiTableCell-alignRight"
              >
                $1,543,652,315
              </td>
              <td
                class="MuiTableCell-root MuiTableCell-body MuiTableCell-alignRight"
              >
                7.38%
              </td>
              <td
                class="MuiTableCell-root MuiTableCell-body MuiTableCell-alignCenter"
              >
                <button
                  class="MuiButtonBase-root MuiIconButton-root MuiIconButton-sizeSmall"
                  tabindex="0"
                  title="in 4 minutes"
                  type="button"
                >
                  <span
                    class="MuiIconButton-label"
                  >
                    <div
                      class="ExchangeStatus-status-1 ExchangeStatus-available-2"
                    />
                  </span>
                  <span
                    class="MuiTouchRipple-root"
                  />
                </button>
              </td>
            </tr>
            <tr
              class="MuiTableRow-root"
            >
              <td
                class="MuiTableCell-root MuiTableCell-body"
              >
                Huobi
              </td>
              <td
                class="MuiTableCell-root MuiTableCell-body"
              >
                BTC
                /
                USDT
              </td>
              <td
                class="MuiTableCell-root MuiTableCell-body MuiTableCell-alignRight"
              >
                $47,504.96
              </td>
              <td
                class="MuiTableCell-root MuiTableCell-body MuiTableCell-alignRight"
              >
                $1,466,373,888
              </td>
              <td
                class="MuiTableCell-root MuiTableCell-body MuiTableCell-alignRight"
              >
                7.01%
              </td>
              <td
                class="MuiTableCell-root MuiTableCell-body MuiTableCell-alignCenter"
              >
                <button
                  class="MuiButtonBase-root MuiIconButton-root MuiIconButton-sizeSmall"
                  tabindex="0"
                  title="8 minutes ago"
                  type="button"
                >
                  <span
                    class="MuiIconButton-label"
                  >
                    <div
                      class="ExchangeStatus-status-1 ExchangeStatus-available-2"
                    />
                  </span>
                  <span
                    class="MuiTouchRipple-root"
                  />
                </button>
              </td>
            </tr>
          </tbody>
        </table>
      </div>
    </div>
  </body>,
  "container": <div>
    <div
      class="MuiPaper-root MuiTableContainer-root MuiPaper-elevation6 MuiPaper-rounded"
    >
      <table
        class="MuiTable-root"
      >
        <thead
          class="MuiTableHead-root"
        >
          <tr
            class="MuiTableRow-root MuiTableRow-head"
          >
            <th
              class="MuiTableCell-root MuiTableCell-head"
              scope="col"
            >
              <span
                aria-disabled="false"
                class="MuiButtonBase-root MuiTableSortLabel-root"
                role="button"
                tabindex="0"
              >
                Exchange
                <svg
                  aria-hidden="true"
                  class="MuiSvgIcon-root MuiTableSortLabel-icon MuiTableSortLabel-iconDirectionDesc"
                  focusable="false"
                  viewBox="0 0 24 24"
                >
                  <path
                    d="M20 12l-1.41-1.41L13 16.17V4h-2v12.17l-5.58-5.59L4 12l8 8 8-8z"
                  />
                </svg>
              </span>
            </th>
            <th
              class="MuiTableCell-root MuiTableCell-head"
              scope="col"
            >
              Pair
            </th>
            <th
              class="MuiTableCell-root MuiTableCell-head MuiTableCell-alignRight"
              scope="col"
            >
              <span
                aria-disabled="false"
                class="MuiButtonBase-root MuiTableSortLabel-root"
                role="button"
                tabindex="0"
              >
                Price
                <svg
                  aria-hidden="true"
                  class="MuiSvgIcon-root MuiTableSortLabel-icon MuiTableSortLabel-iconDirectionDesc"
                  focusable="false"
                  viewBox="0 0 24 24"
                >
                  <path
                    d="M20 12l-1.41-1.41L13 16.17V4h-2v12.17l-5.58-5.59L4 12l8 8 8-8z"
                  />
                </svg>
              </span>
            </th>
            <th
              class="MuiTableCell-root MuiTableCell-head MuiTableCell-alignRight"
              scope="col"
            >
              <span
                aria-disabled="false"
                class="MuiButtonBase-root MuiTableSortLabel-root MuiTableSortLabel-active"
                role="button"
                tabindex="0"
              >
                Volume (24H)
                <svg
                  aria-hidden="true"
                  class="MuiSvgIcon-root MuiTableSortLabel-icon MuiTableSortLabel-iconDirectionDesc"
                  focusable="false"
                  viewBox="0 0 24 24"
                >
                  <path
                    d="M20 12l-1.41-1.41L13 16.17V4h-2v12.17l-5.58-5.59L4 12l8 8 8-8z"
                  />
                </svg>
              </span>
            </th>
            <th
              class="MuiTableCell-root MuiTableCell-head MuiTableCell-alignRight"
              scope="col"
            >
              <span
                aria-disabled="false"
                class="MuiButtonBase-root MuiTableSortLabel-root"
                role="button"
                tabindex="0"
              >
                Volume (%)
                <svg
                  aria-hidden="true"
                  class="MuiSvgIcon-root MuiTableSortLabel-icon MuiTableSortLabel-iconDirectionDesc"
                  focusable="false"
                  viewBox="0 0 24 24"
                >
                  <path
                    d="M20 12l-1.41-1.41L13 16.17V4h-2v12.17l-5.58-5.59L4 12l8 8 8-8z"
                  />
                </svg>
              </span>
            </th>
            <th
              class="MuiTableCell-root MuiTableCell-head MuiTableCell-alignCenter"
              scope="col"
            >
              <span
                aria-disabled="false"
                class="MuiButtonBase-root MuiTableSortLabel-root"
                role="button"
                tabindex="0"
              >
                Status
                <svg
                  aria-hidden="true"
                  class="MuiSvgIcon-root MuiTableSortLabel-icon MuiTableSortLabel-iconDirectionDesc"
                  focusable="false"
                  viewBox="0 0 24 24"
                >
                  <path
                    d="M20 12l-1.41-1.41L13 16.17V4h-2v12.17l-5.58-5.59L4 12l8 8 8-8z"
                  />
                </svg>
              </span>
            </th>
          </tr>
        </thead>
        <tbody
          class="MuiTableBody-root"
        >
          <tr
            class="MuiTableRow-root"
          >
            <td
              class="MuiTableCell-root MuiTableCell-body"
            >
              Binance
            </td>
            <td
              class="MuiTableCell-root MuiTableCell-body"
            >
              BTC
              /
              USDT
            </td>
            <td
              class="MuiTableCell-root MuiTableCell-body MuiTableCell-alignRight"
            >
              $47,483.61
            </td>
            <td
              class="MuiTableCell-root MuiTableCell-body MuiTableCell-alignRight"
            >
              $3,822,582,087
            </td>
            <td
              class="MuiTableCell-root MuiTableCell-body MuiTableCell-alignRight"
            >
              18.27%
            </td>
            <td
              class="MuiTableCell-root MuiTableCell-body MuiTableCell-alignCenter"
            >
              <button
                class="MuiButtonBase-root MuiIconButton-root MuiIconButton-sizeSmall"
                tabindex="0"
                title="in 5 minutes"
                type="button"
              >
                <span
                  class="MuiIconButton-label"
                >
                  <div
                    class="ExchangeStatus-status-1 ExchangeStatus-available-2"
                  />
                </span>
                <span
                  class="MuiTouchRipple-root"
                />
              </button>
            </td>
          </tr>
          <tr
            class="MuiTableRow-root"
          >
            <td
              class="MuiTableCell-root MuiTableCell-body"
            >
              Bit-Z
            </td>
            <td
              class="MuiTableCell-root MuiTableCell-body"
            >
              BTC
              /
              USDT
            </td>
            <td
              class="MuiTableCell-root MuiTableCell-body MuiTableCell-alignRight"
            >
              $47,489.03
            </td>
            <td
              class="MuiTableCell-root MuiTableCell-body MuiTableCell-alignRight"
            >
              $1,543,652,315
            </td>
            <td
              class="MuiTableCell-root MuiTableCell-body MuiTableCell-alignRight"
            >
              7.38%
            </td>
            <td
              class="MuiTableCell-root MuiTableCell-body MuiTableCell-alignCenter"
            >
              <button
                class="MuiButtonBase-root MuiIconButton-root MuiIconButton-sizeSmall"
                tabindex="0"
                title="in 4 minutes"
                type="button"
              >
                <span
                  class="MuiIconButton-label"
                >
                  <div
                    class="ExchangeStatus-status-1 ExchangeStatus-available-2"
                  />
                </span>
                <span
                  class="MuiTouchRipple-root"
                />
              </button>
            </td>
          </tr>
          <tr
            class="MuiTableRow-root"
          >
            <td
              class="MuiTableCell-root MuiTableCell-body"
            >
              Huobi
            </td>
            <td
              class="MuiTableCell-root MuiTableCell-body"
            >
              BTC
              /
              USDT
            </td>
            <td
              class="MuiTableCell-root MuiTableCell-body MuiTableCell-alignRight"
            >
              $47,504.96
            </td>
            <td
              class="MuiTableCell-root MuiTableCell-body MuiTableCell-alignRight"
            >
              $1,466,373,888
            </td>
            <td
              class="MuiTableCell-root MuiTableCell-body MuiTableCell-alignRight"
            >
              7.01%
            </td>
            <td
              class="MuiTableCell-root MuiTableCell-body MuiTableCell-alignCenter"
            >
              <button
                class="MuiButtonBase-root MuiIconButton-root MuiIconButton-sizeSmall"
                tabindex="0"
                title="8 minutes ago"
                type="button"
              >
                <span
                  class="MuiIconButton-label"
                >
                  <div
                    class="ExchangeStatus-status-1 ExchangeStatus-available-2"
                  />
                </span>
                <span
                  class="MuiTouchRipple-root"
                />
              </button>
            </td>
          </tr>
        </tbody>
      </table>
    </div>
  </div>,
  "debug": [Function],
  "findAllByAltText": [Function],
  "findAllByDisplayValue": [Function],
  "findAllByLabelText": [Function],
  "findAllByPlaceholderText": [Function],
  "findAllByRole": [Function],
  "findAllByTestId": [Function],
  "findAllByText": [Function],
  "findAllByTitle": [Function],
  "findByAltText": [Function],
  "findByDisplayValue": [Function],
  "findByLabelText": [Function],
  "findByPlaceholderText": [Function],
  "findByRole": [Function],
  "findByTestId": [Function],
  "findByText": [Function],
  "findByTitle": [Function],
  "getAllByAltText": [Function],
  "getAllByDisplayValue": [Function],
  "getAllByLabelText": [Function],
  "getAllByPlaceholderText": [Function],
  "getAllByRole": [Function],
  "getAllByTestId": [Function],
  "getAllByText": [Function],
  "getAllByTitle": [Function],
  "getByAltText": [Function],
  "getByDisplayValue": [Function],
  "getByLabelText": [Function],
  "getByPlaceholderText": [Function],
  "getByRole": [Function],
  "getByTestId": [Function],
  "getByText": [Function],
  "getByTitle": [Function],
  "queryAllByAltText": [Function],
  "queryAllByDisplayValue": [Function],
  "queryAllByLabelText": [Function],
  "queryAllByPlaceholderText": [Function],
  "queryAllByRole": [Function],
  "queryAllByTestId": [Function],
  "queryAllByText": [Function],
  "queryAllByTitle": [Function],
  "queryByAltText": [Function],
  "queryByDisplayValue": [Function],
  "queryByLabelText": [Function],
  "queryByPlaceholderText": [Function],
  "queryByRole": [Function],
  "queryByTestId": [Function],
  "queryByText": [Function],
  "queryByTitle": [Function],
  "rerender": [Function],
  "unmount": [Function],
}
`;
