// Jest Snapshot v1, https://goo.gl/fbAQLP

exports[`TopBar Should render correctly 1`] = `
Object {
  "asFragment": [Function],
  "baseElement": <body>
    <div>
      <header
        class="MuiPaper-root MuiAppBar-root MuiAppBar-positionFixed MuiAppBar-colorDefault mui-fixed MuiPaper-outlined"
      >
        <div
          class="MuiToolbar-root MuiToolbar-regular TopBar-topbar-1 MuiToolbar-gutters"
        >
          <div
            class="TopBar-info-2"
          >
            <span
              class="MuiTypography-root MuiTypography-subtitle2"
            >
              Cryptocurrencies: 
              <span
                class="MuiTypography-root MuiTypography-subtitle2 MuiTypography-colorPrimary"
              >
                6191
              </span>
            </span>
            <span
              class="MuiTypography-root MuiTypography-subtitle2"
            >
              Markets: 
              <span
                class="MuiTypography-root MuiTypography-subtitle2 MuiTypography-colorPrimary"
              >
                564
              </span>
            </span>
          </div>
          <div
            class="TopBar-info-2"
          >
            <span
              class="MuiTypography-root MuiTypography-subtitle2"
            >
              Market Cap: 
              <span
                class="MuiTypography-root MuiTypography-subtitle2 MuiTypography-colorPrimary"
              >
                $1,016,628,962,622.60
              </span>
            </span>
            <span
              class="MuiTypography-root MuiTypography-subtitle2"
            >
              24h Volume: 
              <span
                class="MuiTypography-root MuiTypography-subtitle2 MuiTypography-colorPrimary"
              >
                $162,857,223,748.66
              </span>
            </span>
            <span
              class="MuiTypography-root MuiTypography-subtitle2"
            >
              Dominance: 
              <span
                class="MuiTypography-root MuiTypography-subtitle2 MuiTypography-colorPrimary"
              >
                BTC 
                62.02
                %
              </span>
            </span>
            <span
              class="MuiTypography-root MuiTypography-subtitle2 MuiTypography-colorPrimary"
            >
              ETH 
              15.17
              %
            </span>
          </div>
        </div>
      </header>
    </div>
  </body>,
  "container": <div>
    <header
      class="MuiPaper-root MuiAppBar-root MuiAppBar-positionFixed MuiAppBar-colorDefault mui-fixed MuiPaper-outlined"
    >
      <div
        class="MuiToolbar-root MuiToolbar-regular TopBar-topbar-1 MuiToolbar-gutters"
      >
        <div
          class="TopBar-info-2"
        >
          <span
            class="MuiTypography-root MuiTypography-subtitle2"
          >
            Cryptocurrencies: 
            <span
              class="MuiTypography-root MuiTypography-subtitle2 MuiTypography-colorPrimary"
            >
              6191
            </span>
          </span>
          <span
            class="MuiTypography-root MuiTypography-subtitle2"
          >
            Markets: 
            <span
              class="MuiTypography-root MuiTypography-subtitle2 MuiTypography-colorPrimary"
            >
              564
            </span>
          </span>
        </div>
        <div
          class="TopBar-info-2"
        >
          <span
            class="MuiTypography-root MuiTypography-subtitle2"
          >
            Market Cap: 
            <span
              class="MuiTypography-root MuiTypography-subtitle2 MuiTypography-colorPrimary"
            >
              $1,016,628,962,622.60
            </span>
          </span>
          <span
            class="MuiTypography-root MuiTypography-subtitle2"
          >
            24h Volume: 
            <span
              class="MuiTypography-root MuiTypography-subtitle2 MuiTypography-colorPrimary"
            >
              $162,857,223,748.66
            </span>
          </span>
          <span
            class="MuiTypography-root MuiTypography-subtitle2"
          >
            Dominance: 
            <span
              class="MuiTypography-root MuiTypography-subtitle2 MuiTypography-colorPrimary"
            >
              BTC 
              62.02
              %
            </span>
          </span>
          <span
            class="MuiTypography-root MuiTypography-subtitle2 MuiTypography-colorPrimary"
          >
            ETH 
            15.17
            %
          </span>
        </div>
      </div>
    </header>
  </div>,
  "debug": [Function],
  "findAllByAltText": [Function],
  "findAllByDisplayValue": [Function],
  "findAllByLabelText": [Function],
  "findAllByPlaceholderText": [Function],
  "findAllByRole": [Function],
  "findAllByTestId": [Function],
  "findAllByText": [Function],
  "findAllByTitle": [Function],
  "findByAltText": [Function],
  "findByDisplayValue": [Function],
  "findByLabelText": [Function],
  "findByPlaceholderText": [Function],
  "findByRole": [Function],
  "findByTestId": [Function],
  "findByText": [Function],
  "findByTitle": [Function],
  "getAllByAltText": [Function],
  "getAllByDisplayValue": [Function],
  "getAllByLabelText": [Function],
  "getAllByPlaceholderText": [Function],
  "getAllByRole": [Function],
  "getAllByTestId": [Function],
  "getAllByText": [Function],
  "getAllByTitle": [Function],
  "getByAltText": [Function],
  "getByDisplayValue": [Function],
  "getByLabelText": [Function],
  "getByPlaceholderText": [Function],
  "getByRole": [Function],
  "getByTestId": [Function],
  "getByText": [Function],
  "getByTitle": [Function],
  "queryAllByAltText": [Function],
  "queryAllByDisplayValue": [Function],
  "queryAllByLabelText": [Function],
  "queryAllByPlaceholderText": [Function],
  "queryAllByRole": [Function],
  "queryAllByTestId": [Function],
  "queryAllByText": [Function],
  "queryAllByTitle": [Function],
  "queryByAltText": [Function],
  "queryByDisplayValue": [Function],
  "queryByLabelText": [Function],
  "queryByPlaceholderText": [Function],
  "queryByRole": [Function],
  "queryByTestId": [Function],
  "queryByText": [Function],
  "queryByTitle": [Function],
  "rerender": [Function],
  "unmount": [Function],
}
`;
