// Jest Snapshot v1, https://goo.gl/fbAQLP

exports[`Theme Shuold return theme config correctly 1`] = `undefined`;
