// Jest Snapshot v1, https://goo.gl/fbAQLP

exports[`AssetItem Should render it correctly 1`] = `
Object {
  "asFragment": [Function],
  "baseElement": <body>
    <div>
      <table
        class="MuiTable-root"
      >
        <tbody
          class="MuiTableBody-root"
        >
          <tr
            class="MuiTableRow-root AssetItem-asset-1 AssetItem-down-3"
          >
            <td
              class="MuiTableCell-root MuiTableCell-body"
            >
              <span
                class="MuiTypography-root MuiTypography-button"
              >
                1
                .
              </span>
            </td>
            <td
              class="MuiTableCell-root MuiTableCell-body"
            >
              <div
                class="AssetNameAndDescription-name-5"
              >
                <h6
                  class="MuiTypography-root MuiTypography-h6"
                >
                  Bitcoin
                </h6>
              </div>
            </td>
            <td
              class="MuiTableCell-root MuiTableCell-body MuiTableCell-alignRight"
            >
              <span
                class="MuiTypography-root MuiTypography-button"
              >
                $649.53b
              </span>
            </td>
            <td
              class="MuiTableCell-root MuiTableCell-body MuiTableCell-alignRight"
            >
              <span
                class="MuiTypography-root MuiTypography-button"
              >
                $34,888.97
              </span>
            </td>
            <td
              class="MuiTableCell-root MuiTableCell-body MuiTableCell-alignRight"
            >
              <span
                class="MuiTypography-root MuiTypography-button"
              >
                18,617,050
                 
                BTC
              </span>
            </td>
            <td
              class="MuiTableCell-root MuiTableCell-body MuiTableCell-alignRight"
            >
              <span
                class="MuiTypography-root MuiTypography-button"
              >
                $14.66b
              </span>
            </td>
            <td
              class="MuiTableCell-root MuiTableCell-body MuiTableCell-alignRight"
            >
              <span
                class="MuiTypography-root MuiTypography-button"
              >
                3.18%
              </span>
            </td>
            <td
              class="MuiTableCell-root MuiTableCell-body MuiTableCell-alignRight"
            >
              Price Graph
            </td>
          </tr>
          <tr
            class="MuiTableRow-root AssetItem-spacer-4"
          />
        </tbody>
      </table>
    </div>
  </body>,
  "container": <div>
    <table
      class="MuiTable-root"
    >
      <tbody
        class="MuiTableBody-root"
      >
        <tr
          class="MuiTableRow-root AssetItem-asset-1 AssetItem-down-3"
        >
          <td
            class="MuiTableCell-root MuiTableCell-body"
          >
            <span
              class="MuiTypography-root MuiTypography-button"
            >
              1
              .
            </span>
          </td>
          <td
            class="MuiTableCell-root MuiTableCell-body"
          >
            <div
              class="AssetNameAndDescription-name-5"
            >
              <h6
                class="MuiTypography-root MuiTypography-h6"
              >
                Bitcoin
              </h6>
            </div>
          </td>
          <td
            class="MuiTableCell-root MuiTableCell-body MuiTableCell-alignRight"
          >
            <span
              class="MuiTypography-root MuiTypography-button"
            >
              $649.53b
            </span>
          </td>
          <td
            class="MuiTableCell-root MuiTableCell-body MuiTableCell-alignRight"
          >
            <span
              class="MuiTypography-root MuiTypography-button"
            >
              $34,888.97
            </span>
          </td>
          <td
            class="MuiTableCell-root MuiTableCell-body MuiTableCell-alignRight"
          >
            <span
              class="MuiTypography-root MuiTypography-button"
            >
              18,617,050
               
              BTC
            </span>
          </td>
          <td
            class="MuiTableCell-root MuiTableCell-body MuiTableCell-alignRight"
          >
            <span
              class="MuiTypography-root MuiTypography-button"
            >
              $14.66b
            </span>
          </td>
          <td
            class="MuiTableCell-root MuiTableCell-body MuiTableCell-alignRight"
          >
            <span
              class="MuiTypography-root MuiTypography-button"
            >
              3.18%
            </span>
          </td>
          <td
            class="MuiTableCell-root MuiTableCell-body MuiTableCell-alignRight"
          >
            Price Graph
          </td>
        </tr>
        <tr
          class="MuiTableRow-root AssetItem-spacer-4"
        />
      </tbody>
    </table>
  </div>,
  "debug": [Function],
  "findAllByAltText": [Function],
  "findAllByDisplayValue": [Function],
  "findAllByLabelText": [Function],
  "findAllByPlaceholderText": [Function],
  "findAllByRole": [Function],
  "findAllByTestId": [Function],
  "findAllByText": [Function],
  "findAllByTitle": [Function],
  "findByAltText": [Function],
  "findByDisplayValue": [Function],
  "findByLabelText": [Function],
  "findByPlaceholderText": [Function],
  "findByRole": [Function],
  "findByTestId": [Function],
  "findByText": [Function],
  "findByTitle": [Function],
  "getAllByAltText": [Function],
  "getAllByDisplayValue": [Function],
  "getAllByLabelText": [Function],
  "getAllByPlaceholderText": [Function],
  "getAllByRole": [Function],
  "getAllByTestId": [Function],
  "getAllByText": [Function],
  "getAllByTitle": [Function],
  "getByAltText": [Function],
  "getByDisplayValue": [Function],
  "getByLabelText": [Function],
  "getByPlaceholderText": [Function],
  "getByRole": [Function],
  "getByTestId": [Function],
  "getByText": [Function],
  "getByTitle": [Function],
  "queryAllByAltText": [Function],
  "queryAllByDisplayValue": [Function],
  "queryAllByLabelText": [Function],
  "queryAllByPlaceholderText": [Function],
  "queryAllByRole": [Function],
  "queryAllByTestId": [Function],
  "queryAllByText": [Function],
  "queryAllByTitle": [Function],
  "queryByAltText": [Function],
  "queryByDisplayValue": [Function],
  "queryByLabelText": [Function],
  "queryByPlaceholderText": [Function],
  "queryByRole": [Function],
  "queryByTestId": [Function],
  "queryByText": [Function],
  "queryByTitle": [Function],
  "rerender": [Function],
  "unmount": [Function],
}
`;
