// Jest Snapshot v1, https://goo.gl/fbAQLP

exports[`Assets Should render it correctly 1`] = `
Object {
  "asFragment": [Function],
  "baseElement": <body>
    <div>
      <div
        class="MuiContainer-root ContainerWrapper-container-1 MuiContainer-maxWidthLg"
      >
        <div
          class="MuiPaper-root MuiTableContainer-root MuiPaper-elevation3 MuiPaper-rounded"
        >
          <table
            class="MuiTable-root"
          >
            <thead
              class="MuiTableHead-root"
            >
              <tr
                class="MuiTableRow-root MuiTableRow-head"
              >
                <th
                  class="MuiTableCell-root MuiTableCell-head"
                  scope="col"
                >
                  #
                </th>
                <th
                  class="MuiTableCell-root MuiTableCell-head"
                  scope="col"
                >
                  Name and Description
                </th>
                <th
                  class="MuiTableCell-root MuiTableCell-head MuiTableCell-alignRight"
                  scope="col"
                >
                  Market Cap
                </th>
                <th
                  class="MuiTableCell-root MuiTableCell-head MuiTableCell-alignRight"
                  scope="col"
                >
                  Price
                </th>
                <th
                  class="MuiTableCell-root MuiTableCell-head MuiTableCell-alignRight"
                  scope="col"
                >
                  Volume
                </th>
                <th
                  class="MuiTableCell-root MuiTableCell-head MuiTableCell-alignRight"
                  scope="col"
                >
                  Change (24h)
                </th>
                <th
                  class="MuiTableCell-root MuiTableCell-head MuiTableCell-alignRight"
                  scope="col"
                >
                  Circularing Supply
                </th>
              </tr>
            </thead>
            <tbody
              class="MuiTableBody-root"
            >
              <tr
                class="MuiTableRow-root AssetItem-asset-2"
              >
                <td
                  class="MuiTableCell-root MuiTableCell-body"
                >
                  <h6
                    class="MuiTypography-root MuiTypography-subtitle2"
                  >
                    1
                    .
                  </h6>
                </td>
                <td
                  class="MuiTableCell-root MuiTableCell-body"
                >
                  <div
                    class="AssetNameAndDescription-name-5"
                  >
                    <div>
                      <p
                        class="MuiTypography-root MuiTypography-button"
                      >
                        Bitcoin
                      </p>
                      <span
                        class="MuiTypography-root MuiTypography-caption"
                      >
                        BTC
                      </span>
                    </div>
                  </div>
                </td>
                <td
                  class="MuiTableCell-root MuiTableCell-body MuiTableCell-alignRight"
                >
                  <h6
                    class="MuiTypography-root MuiTypography-subtitle2"
                  >
                    $647,158,791,754
                  </h6>
                </td>
                <td
                  class="MuiTableCell-root MuiTableCell-body MuiTableCell-alignRight"
                >
                  <h6
                    class="MuiTypography-root MuiTypography-subtitle2"
                  >
                    $34,761.62
                  </h6>
                </td>
                <td
                  class="MuiTableCell-root MuiTableCell-body MuiTableCell-alignRight"
                >
                  <h6
                    class="MuiTypography-root MuiTypography-subtitle2"
                  >
                    $14,567,120,537
                  </h6>
                </td>
                <td
                  class="MuiTableCell-root MuiTableCell-body MuiTableCell-alignRight"
                >
                  <span
                    class="MuiTypography-root ValueColor-up-6 MuiTypography-subtitle2"
                  >
                    3.15%
                  </span>
                </td>
                <td
                  class="MuiTableCell-root MuiTableCell-body MuiTableCell-alignRight"
                >
                  <h6
                    class="MuiTypography-root MuiTypography-subtitle2"
                  >
                    18,617,050
                  </h6>
                </td>
              </tr>
              <tr
                class="MuiTableRow-root AssetItem-asset-2"
              >
                <td
                  class="MuiTableCell-root MuiTableCell-body"
                >
                  <h6
                    class="MuiTypography-root MuiTypography-subtitle2"
                  >
                    2
                    .
                  </h6>
                </td>
                <td
                  class="MuiTableCell-root MuiTableCell-body"
                >
                  <div
                    class="AssetNameAndDescription-name-5"
                  >
                    <div>
                      <p
                        class="MuiTypography-root MuiTypography-button"
                      >
                        Ethereum
                      </p>
                      <span
                        class="MuiTypography-root MuiTypography-caption"
                      >
                        ETH
                      </span>
                    </div>
                  </div>
                </td>
                <td
                  class="MuiTableCell-root MuiTableCell-body MuiTableCell-alignRight"
                >
                  <h6
                    class="MuiTypography-root MuiTypography-subtitle2"
                  >
                    $163,024,735,364
                  </h6>
                </td>
                <td
                  class="MuiTableCell-root MuiTableCell-body MuiTableCell-alignRight"
                >
                  <h6
                    class="MuiTypography-root MuiTypography-subtitle2"
                  >
                    $1,423.75
                  </h6>
                </td>
                <td
                  class="MuiTableCell-root MuiTableCell-body MuiTableCell-alignRight"
                >
                  <h6
                    class="MuiTypography-root MuiTypography-subtitle2"
                  >
                    $10,514,268,643
                  </h6>
                </td>
                <td
                  class="MuiTableCell-root MuiTableCell-body MuiTableCell-alignRight"
                >
                  <span
                    class="MuiTypography-root ValueColor-up-6 MuiTypography-subtitle2"
                  >
                    7.16%
                  </span>
                </td>
                <td
                  class="MuiTableCell-root MuiTableCell-body MuiTableCell-alignRight"
                >
                  <h6
                    class="MuiTypography-root MuiTypography-subtitle2"
                  >
                    114,503,686.687
                  </h6>
                </td>
              </tr>
            </tbody>
          </table>
          <div
            class="MuiToolbar-root MuiToolbar-regular Pagination-pagiation-8 MuiToolbar-gutters"
          >
            <nav
              aria-label="pagination navigation"
              class="MuiPagination-root"
            >
              <ul
                class="MuiPagination-ul"
              >
                <li>
                  <button
                    aria-label="Go to previous page"
                    class="MuiButtonBase-root MuiPaginationItem-root MuiPaginationItem-page Mui-disabled Mui-disabled"
                    disabled=""
                    tabindex="-1"
                    type="button"
                  >
                    <svg
                      aria-hidden="true"
                      class="MuiSvgIcon-root MuiPaginationItem-icon"
                      focusable="false"
                      viewBox="0 0 24 24"
                    >
                      <path
                        d="M15.41 7.41L14 6l-6 6 6 6 1.41-1.41L10.83 12z"
                      />
                    </svg>
                  </button>
                </li>
                <li>
                  <button
                    aria-current="true"
                    aria-label="page 1"
                    class="MuiButtonBase-root MuiPaginationItem-root MuiPaginationItem-page Mui-selected"
                    tabindex="0"
                    type="button"
                  >
                    1
                    <span
                      class="MuiTouchRipple-root"
                    />
                  </button>
                </li>
                <li>
                  <button
                    aria-label="Go to page 2"
                    class="MuiButtonBase-root MuiPaginationItem-root MuiPaginationItem-page"
                    tabindex="0"
                    type="button"
                  >
                    2
                    <span
                      class="MuiTouchRipple-root"
                    />
                  </button>
                </li>
                <li>
                  <button
                    aria-label="Go to page 3"
                    class="MuiButtonBase-root MuiPaginationItem-root MuiPaginationItem-page"
                    tabindex="0"
                    type="button"
                  >
                    3
                    <span
                      class="MuiTouchRipple-root"
                    />
                  </button>
                </li>
                <li>
                  <button
                    aria-label="Go to page 4"
                    class="MuiButtonBase-root MuiPaginationItem-root MuiPaginationItem-page"
                    tabindex="0"
                    type="button"
                  >
                    4
                    <span
                      class="MuiTouchRipple-root"
                    />
                  </button>
                </li>
                <li>
                  <button
                    aria-label="Go to page 5"
                    class="MuiButtonBase-root MuiPaginationItem-root MuiPaginationItem-page"
                    tabindex="0"
                    type="button"
                  >
                    5
                    <span
                      class="MuiTouchRipple-root"
                    />
                  </button>
                </li>
                <li>
                  <div
                    class="MuiPaginationItem-root MuiPaginationItem-ellipsis"
                  >
                    …
                  </div>
                </li>
                <li>
                  <button
                    aria-label="Go to page 100"
                    class="MuiButtonBase-root MuiPaginationItem-root MuiPaginationItem-page"
                    tabindex="0"
                    type="button"
                  >
                    100
                    <span
                      class="MuiTouchRipple-root"
                    />
                  </button>
                </li>
                <li>
                  <button
                    aria-label="Go to next page"
                    class="MuiButtonBase-root MuiPaginationItem-root MuiPaginationItem-page"
                    tabindex="0"
                    type="button"
                  >
                    <svg
                      aria-hidden="true"
                      class="MuiSvgIcon-root MuiPaginationItem-icon"
                      focusable="false"
                      viewBox="0 0 24 24"
                    >
                      <path
                        d="M10 6L8.59 7.41 13.17 12l-4.58 4.59L10 18l6-6z"
                      />
                    </svg>
                    <span
                      class="MuiTouchRipple-root"
                    />
                  </button>
                </li>
              </ul>
            </nav>
          </div>
        </div>
      </div>
    </div>
  </body>,
  "container": <div>
    <div
      class="MuiContainer-root ContainerWrapper-container-1 MuiContainer-maxWidthLg"
    >
      <div
        class="MuiPaper-root MuiTableContainer-root MuiPaper-elevation3 MuiPaper-rounded"
      >
        <table
          class="MuiTable-root"
        >
          <thead
            class="MuiTableHead-root"
          >
            <tr
              class="MuiTableRow-root MuiTableRow-head"
            >
              <th
                class="MuiTableCell-root MuiTableCell-head"
                scope="col"
              >
                #
              </th>
              <th
                class="MuiTableCell-root MuiTableCell-head"
                scope="col"
              >
                Name and Description
              </th>
              <th
                class="MuiTableCell-root MuiTableCell-head MuiTableCell-alignRight"
                scope="col"
              >
                Market Cap
              </th>
              <th
                class="MuiTableCell-root MuiTableCell-head MuiTableCell-alignRight"
                scope="col"
              >
                Price
              </th>
              <th
                class="MuiTableCell-root MuiTableCell-head MuiTableCell-alignRight"
                scope="col"
              >
                Volume
              </th>
              <th
                class="MuiTableCell-root MuiTableCell-head MuiTableCell-alignRight"
                scope="col"
              >
                Change (24h)
              </th>
              <th
                class="MuiTableCell-root MuiTableCell-head MuiTableCell-alignRight"
                scope="col"
              >
                Circularing Supply
              </th>
            </tr>
          </thead>
          <tbody
            class="MuiTableBody-root"
          >
            <tr
              class="MuiTableRow-root AssetItem-asset-2"
            >
              <td
                class="MuiTableCell-root MuiTableCell-body"
              >
                <h6
                  class="MuiTypography-root MuiTypography-subtitle2"
                >
                  1
                  .
                </h6>
              </td>
              <td
                class="MuiTableCell-root MuiTableCell-body"
              >
                <div
                  class="AssetNameAndDescription-name-5"
                >
                  <div>
                    <p
                      class="MuiTypography-root MuiTypography-button"
                    >
                      Bitcoin
                    </p>
                    <span
                      class="MuiTypography-root MuiTypography-caption"
                    >
                      BTC
                    </span>
                  </div>
                </div>
              </td>
              <td
                class="MuiTableCell-root MuiTableCell-body MuiTableCell-alignRight"
              >
                <h6
                  class="MuiTypography-root MuiTypography-subtitle2"
                >
                  $647,158,791,754
                </h6>
              </td>
              <td
                class="MuiTableCell-root MuiTableCell-body MuiTableCell-alignRight"
              >
                <h6
                  class="MuiTypography-root MuiTypography-subtitle2"
                >
                  $34,761.62
                </h6>
              </td>
              <td
                class="MuiTableCell-root MuiTableCell-body MuiTableCell-alignRight"
              >
                <h6
                  class="MuiTypography-root MuiTypography-subtitle2"
                >
                  $14,567,120,537
                </h6>
              </td>
              <td
                class="MuiTableCell-root MuiTableCell-body MuiTableCell-alignRight"
              >
                <span
                  class="MuiTypography-root ValueColor-up-6 MuiTypography-subtitle2"
                >
                  3.15%
                </span>
              </td>
              <td
                class="MuiTableCell-root MuiTableCell-body MuiTableCell-alignRight"
              >
                <h6
                  class="MuiTypography-root MuiTypography-subtitle2"
                >
                  18,617,050
                </h6>
              </td>
            </tr>
            <tr
              class="MuiTableRow-root AssetItem-asset-2"
            >
              <td
                class="MuiTableCell-root MuiTableCell-body"
              >
                <h6
                  class="MuiTypography-root MuiTypography-subtitle2"
                >
                  2
                  .
                </h6>
              </td>
              <td
                class="MuiTableCell-root MuiTableCell-body"
              >
                <div
                  class="AssetNameAndDescription-name-5"
                >
                  <div>
                    <p
                      class="MuiTypography-root MuiTypography-button"
                    >
                      Ethereum
                    </p>
                    <span
                      class="MuiTypography-root MuiTypography-caption"
                    >
                      ETH
                    </span>
                  </div>
                </div>
              </td>
              <td
                class="MuiTableCell-root MuiTableCell-body MuiTableCell-alignRight"
              >
                <h6
                  class="MuiTypography-root MuiTypography-subtitle2"
                >
                  $163,024,735,364
                </h6>
              </td>
              <td
                class="MuiTableCell-root MuiTableCell-body MuiTableCell-alignRight"
              >
                <h6
                  class="MuiTypography-root MuiTypography-subtitle2"
                >
                  $1,423.75
                </h6>
              </td>
              <td
                class="MuiTableCell-root MuiTableCell-body MuiTableCell-alignRight"
              >
                <h6
                  class="MuiTypography-root MuiTypography-subtitle2"
                >
                  $10,514,268,643
                </h6>
              </td>
              <td
                class="MuiTableCell-root MuiTableCell-body MuiTableCell-alignRight"
              >
                <span
                  class="MuiTypography-root ValueColor-up-6 MuiTypography-subtitle2"
                >
                  7.16%
                </span>
              </td>
              <td
                class="MuiTableCell-root MuiTableCell-body MuiTableCell-alignRight"
              >
                <h6
                  class="MuiTypography-root MuiTypography-subtitle2"
                >
                  114,503,686.687
                </h6>
              </td>
            </tr>
          </tbody>
        </table>
        <div
          class="MuiToolbar-root MuiToolbar-regular Pagination-pagiation-8 MuiToolbar-gutters"
        >
          <nav
            aria-label="pagination navigation"
            class="MuiPagination-root"
          >
            <ul
              class="MuiPagination-ul"
            >
              <li>
                <button
                  aria-label="Go to previous page"
                  class="MuiButtonBase-root MuiPaginationItem-root MuiPaginationItem-page Mui-disabled Mui-disabled"
                  disabled=""
                  tabindex="-1"
                  type="button"
                >
                  <svg
                    aria-hidden="true"
                    class="MuiSvgIcon-root MuiPaginationItem-icon"
                    focusable="false"
                    viewBox="0 0 24 24"
                  >
                    <path
                      d="M15.41 7.41L14 6l-6 6 6 6 1.41-1.41L10.83 12z"
                    />
                  </svg>
                </button>
              </li>
              <li>
                <button
                  aria-current="true"
                  aria-label="page 1"
                  class="MuiButtonBase-root MuiPaginationItem-root MuiPaginationItem-page Mui-selected"
                  tabindex="0"
                  type="button"
                >
                  1
                  <span
                    class="MuiTouchRipple-root"
                  />
                </button>
              </li>
              <li>
                <button
                  aria-label="Go to page 2"
                  class="MuiButtonBase-root MuiPaginationItem-root MuiPaginationItem-page"
                  tabindex="0"
                  type="button"
                >
                  2
                  <span
                    class="MuiTouchRipple-root"
                  />
                </button>
              </li>
              <li>
                <button
                  aria-label="Go to page 3"
                  class="MuiButtonBase-root MuiPaginationItem-root MuiPaginationItem-page"
                  tabindex="0"
                  type="button"
                >
                  3
                  <span
                    class="MuiTouchRipple-root"
                  />
                </button>
              </li>
              <li>
                <button
                  aria-label="Go to page 4"
                  class="MuiButtonBase-root MuiPaginationItem-root MuiPaginationItem-page"
                  tabindex="0"
                  type="button"
                >
                  4
                  <span
                    class="MuiTouchRipple-root"
                  />
                </button>
              </li>
              <li>
                <button
                  aria-label="Go to page 5"
                  class="MuiButtonBase-root MuiPaginationItem-root MuiPaginationItem-page"
                  tabindex="0"
                  type="button"
                >
                  5
                  <span
                    class="MuiTouchRipple-root"
                  />
                </button>
              </li>
              <li>
                <div
                  class="MuiPaginationItem-root MuiPaginationItem-ellipsis"
                >
                  …
                </div>
              </li>
              <li>
                <button
                  aria-label="Go to page 100"
                  class="MuiButtonBase-root MuiPaginationItem-root MuiPaginationItem-page"
                  tabindex="0"
                  type="button"
                >
                  100
                  <span
                    class="MuiTouchRipple-root"
                  />
                </button>
              </li>
              <li>
                <button
                  aria-label="Go to next page"
                  class="MuiButtonBase-root MuiPaginationItem-root MuiPaginationItem-page"
                  tabindex="0"
                  type="button"
                >
                  <svg
                    aria-hidden="true"
                    class="MuiSvgIcon-root MuiPaginationItem-icon"
                    focusable="false"
                    viewBox="0 0 24 24"
                  >
                    <path
                      d="M10 6L8.59 7.41 13.17 12l-4.58 4.59L10 18l6-6z"
                    />
                  </svg>
                  <span
                    class="MuiTouchRipple-root"
                  />
                </button>
              </li>
            </ul>
          </nav>
        </div>
      </div>
    </div>
  </div>,
  "debug": [Function],
  "findAllByAltText": [Function],
  "findAllByDisplayValue": [Function],
  "findAllByLabelText": [Function],
  "findAllByPlaceholderText": [Function],
  "findAllByRole": [Function],
  "findAllByTestId": [Function],
  "findAllByText": [Function],
  "findAllByTitle": [Function],
  "findByAltText": [Function],
  "findByDisplayValue": [Function],
  "findByLabelText": [Function],
  "findByPlaceholderText": [Function],
  "findByRole": [Function],
  "findByTestId": [Function],
  "findByText": [Function],
  "findByTitle": [Function],
  "getAllByAltText": [Function],
  "getAllByDisplayValue": [Function],
  "getAllByLabelText": [Function],
  "getAllByPlaceholderText": [Function],
  "getAllByRole": [Function],
  "getAllByTestId": [Function],
  "getAllByText": [Function],
  "getAllByTitle": [Function],
  "getByAltText": [Function],
  "getByDisplayValue": [Function],
  "getByLabelText": [Function],
  "getByPlaceholderText": [Function],
  "getByRole": [Function],
  "getByTestId": [Function],
  "getByText": [Function],
  "getByTitle": [Function],
  "queryAllByAltText": [Function],
  "queryAllByDisplayValue": [Function],
  "queryAllByLabelText": [Function],
  "queryAllByPlaceholderText": [Function],
  "queryAllByRole": [Function],
  "queryAllByTestId": [Function],
  "queryAllByText": [Function],
  "queryAllByTitle": [Function],
  "queryByAltText": [Function],
  "queryByDisplayValue": [Function],
  "queryByLabelText": [Function],
  "queryByPlaceholderText": [Function],
  "queryByRole": [Function],
  "queryByTestId": [Function],
  "queryByText": [Function],
  "queryByTitle": [Function],
  "rerender": [Function],
  "unmount": [Function],
}
`;
