// Jest Snapshot v1, https://goo.gl/fbAQLP

exports[`MenuDesktop Should render it correctly 1`] = `
Object {
  "asFragment": [Function],
  "baseElement": <body>
    <div>
      <div
        class="MuiGrid-root MenuDesktop-menu-1 MuiGrid-container MuiGrid-spacing-xs-2"
      >
        <div
          class="MuiGrid-root MuiGrid-item"
        >
          <a
            class="MuiTypography-root MuiLink-root MuiLink-underlineNone MuiTypography-colorInherit"
            href="/"
          >
            <button
              class="MuiButtonBase-root MuiButton-root MuiButton-outlined MuiButton-outlinedSizeLarge MuiButton-sizeLarge"
              tabindex="0"
              type="button"
            >
              <span
                class="MuiButton-label"
              >
                <h6
                  class="MuiTypography-root MuiTypography-subtitle2"
                >
                  Market Cap
                </h6>
              </span>
              <span
                class="MuiTouchRipple-root"
              />
            </button>
          </a>
        </div>
        <div
          class="MuiGrid-root MuiGrid-item"
        >
          <a
            class="MuiTypography-root MuiLink-root MuiLink-underlineNone MuiTypography-colorInherit"
            href="/exchanges"
          >
            <button
              class="MuiButtonBase-root MuiButton-root MuiButton-text MuiButton-textSizeLarge MuiButton-sizeLarge"
              tabindex="0"
              type="button"
            >
              <span
                class="MuiButton-label"
              >
                <h6
                  class="MuiTypography-root MuiTypography-subtitle2"
                >
                  Exchanges
                </h6>
              </span>
              <span
                class="MuiTouchRipple-root"
              />
            </button>
          </a>
        </div>
        <div
          class="MuiGrid-root MuiGrid-item"
        >
          <a
            class="MuiTypography-root MuiLink-root MuiLink-underlineNone MuiTypography-colorInherit"
            href="/charts"
          >
            <button
              class="MuiButtonBase-root MuiButton-root MuiButton-text MuiButton-textSizeLarge MuiButton-sizeLarge"
              tabindex="0"
              type="button"
            >
              <span
                class="MuiButton-label"
              >
                <h6
                  class="MuiTypography-root MuiTypography-subtitle2"
                >
                  Charts
                </h6>
              </span>
              <span
                class="MuiTouchRipple-root"
              />
            </button>
          </a>
        </div>
      </div>
    </div>
  </body>,
  "container": <div>
    <div
      class="MuiGrid-root MenuDesktop-menu-1 MuiGrid-container MuiGrid-spacing-xs-2"
    >
      <div
        class="MuiGrid-root MuiGrid-item"
      >
        <a
          class="MuiTypography-root MuiLink-root MuiLink-underlineNone MuiTypography-colorInherit"
          href="/"
        >
          <button
            class="MuiButtonBase-root MuiButton-root MuiButton-outlined MuiButton-outlinedSizeLarge MuiButton-sizeLarge"
            tabindex="0"
            type="button"
          >
            <span
              class="MuiButton-label"
            >
              <h6
                class="MuiTypography-root MuiTypography-subtitle2"
              >
                Market Cap
              </h6>
            </span>
            <span
              class="MuiTouchRipple-root"
            />
          </button>
        </a>
      </div>
      <div
        class="MuiGrid-root MuiGrid-item"
      >
        <a
          class="MuiTypography-root MuiLink-root MuiLink-underlineNone MuiTypography-colorInherit"
          href="/exchanges"
        >
          <button
            class="MuiButtonBase-root MuiButton-root MuiButton-text MuiButton-textSizeLarge MuiButton-sizeLarge"
            tabindex="0"
            type="button"
          >
            <span
              class="MuiButton-label"
            >
              <h6
                class="MuiTypography-root MuiTypography-subtitle2"
              >
                Exchanges
              </h6>
            </span>
            <span
              class="MuiTouchRipple-root"
            />
          </button>
        </a>
      </div>
      <div
        class="MuiGrid-root MuiGrid-item"
      >
        <a
          class="MuiTypography-root MuiLink-root MuiLink-underlineNone MuiTypography-colorInherit"
          href="/charts"
        >
          <button
            class="MuiButtonBase-root MuiButton-root MuiButton-text MuiButton-textSizeLarge MuiButton-sizeLarge"
            tabindex="0"
            type="button"
          >
            <span
              class="MuiButton-label"
            >
              <h6
                class="MuiTypography-root MuiTypography-subtitle2"
              >
                Charts
              </h6>
            </span>
            <span
              class="MuiTouchRipple-root"
            />
          </button>
        </a>
      </div>
    </div>
  </div>,
  "debug": [Function],
  "findAllByAltText": [Function],
  "findAllByDisplayValue": [Function],
  "findAllByLabelText": [Function],
  "findAllByPlaceholderText": [Function],
  "findAllByRole": [Function],
  "findAllByTestId": [Function],
  "findAllByText": [Function],
  "findAllByTitle": [Function],
  "findByAltText": [Function],
  "findByDisplayValue": [Function],
  "findByLabelText": [Function],
  "findByPlaceholderText": [Function],
  "findByRole": [Function],
  "findByTestId": [Function],
  "findByText": [Function],
  "findByTitle": [Function],
  "getAllByAltText": [Function],
  "getAllByDisplayValue": [Function],
  "getAllByLabelText": [Function],
  "getAllByPlaceholderText": [Function],
  "getAllByRole": [Function],
  "getAllByTestId": [Function],
  "getAllByText": [Function],
  "getAllByTitle": [Function],
  "getByAltText": [Function],
  "getByDisplayValue": [Function],
  "getByLabelText": [Function],
  "getByPlaceholderText": [Function],
  "getByRole": [Function],
  "getByTestId": [Function],
  "getByText": [Function],
  "getByTitle": [Function],
  "queryAllByAltText": [Function],
  "queryAllByDisplayValue": [Function],
  "queryAllByLabelText": [Function],
  "queryAllByPlaceholderText": [Function],
  "queryAllByRole": [Function],
  "queryAllByTestId": [Function],
  "queryAllByText": [Function],
  "queryAllByTitle": [Function],
  "queryByAltText": [Function],
  "queryByDisplayValue": [Function],
  "queryByLabelText": [Function],
  "queryByPlaceholderText": [Function],
  "queryByRole": [Function],
  "queryByTestId": [Function],
  "queryByText": [Function],
  "queryByTitle": [Function],
  "rerender": [Function],
  "unmount": [Function],
}
`;
