// Jest Snapshot v1, https://goo.gl/fbAQLP

exports[`AssetHighLow Should render it correctly 1`] = `
Object {
  "asFragment": [Function],
  "baseElement": <body>
    <div>
      <ul
        class="MuiList-root MuiList-padding"
      >
        <li
          class="MuiListItem-root MuiListItem-gutters"
        >
          <div
            class="AssetHighLow-icon-1"
          />
        </li>
        <li
          class="MuiListItem-container"
        >
          <div
            class="MuiListItem-root MuiListItem-gutters MuiListItem-secondaryAction"
          >
            <div
              class="MuiListItemText-root"
            >
              <span
                class="MuiTypography-root MuiTypography-body1 MuiTypography-colorTextSecondary"
              >
                High
              </span>
            </div>
          </div>
          <div
            class="MuiListItemSecondaryAction-root"
          >
            <span
              class="MuiTypography-root MuiTypography-body1"
            >
              <span
                class="MuiBox-root MuiBox-root-3"
              >
                $33,782.08
              </span>
            </span>
          </div>
        </li>
        <li
          class="MuiListItem-container"
        >
          <div
            class="MuiListItem-root MuiListItem-gutters MuiListItem-secondaryAction"
          >
            <div
              class="MuiListItemText-root"
            >
              <span
                class="MuiTypography-root MuiTypography-body1 MuiTypography-colorTextSecondary"
              >
                Low
              </span>
            </div>
          </div>
          <div
            class="MuiListItemSecondaryAction-root"
          >
            <span
              class="MuiTypography-root MuiTypography-body1"
            >
              <span
                class="MuiBox-root MuiBox-root-4"
              >
                $33,459.09
              </span>
            </span>
          </div>
        </li>
        <li
          class="MuiListItem-container"
        >
          <div
            class="MuiListItem-root MuiListItem-gutters MuiListItem-secondaryAction"
          >
            <div
              class="MuiListItemText-root"
            >
              <span
                class="MuiTypography-root MuiTypography-body1 MuiTypography-colorTextSecondary"
              >
                Average
              </span>
            </div>
          </div>
          <div
            class="MuiListItemSecondaryAction-root"
          >
            <span
              class="MuiTypography-root MuiTypography-body1"
            >
              <span
                class="MuiBox-root MuiBox-root-5"
              >
                $33,620.58
              </span>
            </span>
          </div>
        </li>
        <li
          class="MuiListItem-container"
        >
          <div
            class="MuiListItem-root MuiListItem-gutters MuiListItem-secondaryAction"
          >
            <div
              class="MuiListItemText-root"
            >
              <span
                class="MuiTypography-root MuiTypography-body1 MuiTypography-colorTextSecondary"
              >
                Change
              </span>
            </div>
          </div>
          <div
            class="MuiListItemSecondaryAction-root"
          >
            <span
              class="MuiTypography-root ValueColor-up-6 MuiTypography-body1"
            >
              <span
                class="MuiBox-root MuiBox-root-8"
              >
                4.95%
              </span>
            </span>
          </div>
        </li>
      </ul>
    </div>
  </body>,
  "container": <div>
    <ul
      class="MuiList-root MuiList-padding"
    >
      <li
        class="MuiListItem-root MuiListItem-gutters"
      >
        <div
          class="AssetHighLow-icon-1"
        />
      </li>
      <li
        class="MuiListItem-container"
      >
        <div
          class="MuiListItem-root MuiListItem-gutters MuiListItem-secondaryAction"
        >
          <div
            class="MuiListItemText-root"
          >
            <span
              class="MuiTypography-root MuiTypography-body1 MuiTypography-colorTextSecondary"
            >
              High
            </span>
          </div>
        </div>
        <div
          class="MuiListItemSecondaryAction-root"
        >
          <span
            class="MuiTypography-root MuiTypography-body1"
          >
            <span
              class="MuiBox-root MuiBox-root-3"
            >
              $33,782.08
            </span>
          </span>
        </div>
      </li>
      <li
        class="MuiListItem-container"
      >
        <div
          class="MuiListItem-root MuiListItem-gutters MuiListItem-secondaryAction"
        >
          <div
            class="MuiListItemText-root"
          >
            <span
              class="MuiTypography-root MuiTypography-body1 MuiTypography-colorTextSecondary"
            >
              Low
            </span>
          </div>
        </div>
        <div
          class="MuiListItemSecondaryAction-root"
        >
          <span
            class="MuiTypography-root MuiTypography-body1"
          >
            <span
              class="MuiBox-root MuiBox-root-4"
            >
              $33,459.09
            </span>
          </span>
        </div>
      </li>
      <li
        class="MuiListItem-container"
      >
        <div
          class="MuiListItem-root MuiListItem-gutters MuiListItem-secondaryAction"
        >
          <div
            class="MuiListItemText-root"
          >
            <span
              class="MuiTypography-root MuiTypography-body1 MuiTypography-colorTextSecondary"
            >
              Average
            </span>
          </div>
        </div>
        <div
          class="MuiListItemSecondaryAction-root"
        >
          <span
            class="MuiTypography-root MuiTypography-body1"
          >
            <span
              class="MuiBox-root MuiBox-root-5"
            >
              $33,620.58
            </span>
          </span>
        </div>
      </li>
      <li
        class="MuiListItem-container"
      >
        <div
          class="MuiListItem-root MuiListItem-gutters MuiListItem-secondaryAction"
        >
          <div
            class="MuiListItemText-root"
          >
            <span
              class="MuiTypography-root MuiTypography-body1 MuiTypography-colorTextSecondary"
            >
              Change
            </span>
          </div>
        </div>
        <div
          class="MuiListItemSecondaryAction-root"
        >
          <span
            class="MuiTypography-root ValueColor-up-6 MuiTypography-body1"
          >
            <span
              class="MuiBox-root MuiBox-root-8"
            >
              4.95%
            </span>
          </span>
        </div>
      </li>
    </ul>
  </div>,
  "debug": [Function],
  "findAllByAltText": [Function],
  "findAllByDisplayValue": [Function],
  "findAllByLabelText": [Function],
  "findAllByPlaceholderText": [Function],
  "findAllByRole": [Function],
  "findAllByTestId": [Function],
  "findAllByText": [Function],
  "findAllByTitle": [Function],
  "findByAltText": [Function],
  "findByDisplayValue": [Function],
  "findByLabelText": [Function],
  "findByPlaceholderText": [Function],
  "findByRole": [Function],
  "findByTestId": [Function],
  "findByText": [Function],
  "findByTitle": [Function],
  "getAllByAltText": [Function],
  "getAllByDisplayValue": [Function],
  "getAllByLabelText": [Function],
  "getAllByPlaceholderText": [Function],
  "getAllByRole": [Function],
  "getAllByTestId": [Function],
  "getAllByText": [Function],
  "getAllByTitle": [Function],
  "getByAltText": [Function],
  "getByDisplayValue": [Function],
  "getByLabelText": [Function],
  "getByPlaceholderText": [Function],
  "getByRole": [Function],
  "getByTestId": [Function],
  "getByText": [Function],
  "getByTitle": [Function],
  "queryAllByAltText": [Function],
  "queryAllByDisplayValue": [Function],
  "queryAllByLabelText": [Function],
  "queryAllByPlaceholderText": [Function],
  "queryAllByRole": [Function],
  "queryAllByTestId": [Function],
  "queryAllByText": [Function],
  "queryAllByTitle": [Function],
  "queryByAltText": [Function],
  "queryByDisplayValue": [Function],
  "queryByLabelText": [Function],
  "queryByPlaceholderText": [Function],
  "queryByRole": [Function],
  "queryByTestId": [Function],
  "queryByText": [Function],
  "queryByTitle": [Function],
  "rerender": [Function],
  "unmount": [Function],
}
`;
