// Jest Snapshot v1, https://goo.gl/fbAQLP

exports[`Pagination Should render it correctly 1`] = `
Object {
  "asFragment": [Function],
  "baseElement": <body>
    <div>
      <div
        class="MuiToolbar-root MuiToolbar-regular Pagination-pagiation-1 MuiToolbar-gutters"
      >
        <nav
          aria-label="pagination navigation"
          class="MuiPagination-root"
        >
          <ul
            class="MuiPagination-ul"
          >
            <li>
              <button
                aria-label="Go to previous page"
                class="MuiButtonBase-root MuiPaginationItem-root MuiPaginationItem-page Mui-disabled Mui-disabled"
                disabled=""
                tabindex="-1"
                type="button"
              >
                <svg
                  aria-hidden="true"
                  class="MuiSvgIcon-root MuiPaginationItem-icon"
                  focusable="false"
                  viewBox="0 0 24 24"
                >
                  <path
                    d="M15.41 7.41L14 6l-6 6 6 6 1.41-1.41L10.83 12z"
                  />
                </svg>
              </button>
            </li>
            <li>
              <button
                aria-current="true"
                aria-label="page 1"
                class="MuiButtonBase-root MuiPaginationItem-root MuiPaginationItem-page Mui-selected"
                tabindex="0"
                type="button"
              >
                1
                <span
                  class="MuiTouchRipple-root"
                />
              </button>
            </li>
            <li>
              <button
                aria-label="Go to page 2"
                class="MuiButtonBase-root MuiPaginationItem-root MuiPaginationItem-page"
                tabindex="0"
                type="button"
              >
                2
                <span
                  class="MuiTouchRipple-root"
                />
              </button>
            </li>
            <li>
              <button
                aria-label="Go to page 3"
                class="MuiButtonBase-root MuiPaginationItem-root MuiPaginationItem-page"
                tabindex="0"
                type="button"
              >
                3
                <span
                  class="MuiTouchRipple-root"
                />
              </button>
            </li>
            <li>
              <button
                aria-label="Go to page 4"
                class="MuiButtonBase-root MuiPaginationItem-root MuiPaginationItem-page"
                tabindex="0"
                type="button"
              >
                4
                <span
                  class="MuiTouchRipple-root"
                />
              </button>
            </li>
            <li>
              <button
                aria-label="Go to page 5"
                class="MuiButtonBase-root MuiPaginationItem-root MuiPaginationItem-page"
                tabindex="0"
                type="button"
              >
                5
                <span
                  class="MuiTouchRipple-root"
                />
              </button>
            </li>
            <li>
              <div
                class="MuiPaginationItem-root MuiPaginationItem-ellipsis"
              >
                …
              </div>
            </li>
            <li>
              <button
                aria-label="Go to page 125"
                class="MuiButtonBase-root MuiPaginationItem-root MuiPaginationItem-page"
                tabindex="0"
                type="button"
              >
                125
                <span
                  class="MuiTouchRipple-root"
                />
              </button>
            </li>
            <li>
              <button
                aria-label="Go to next page"
                class="MuiButtonBase-root MuiPaginationItem-root MuiPaginationItem-page"
                tabindex="0"
                type="button"
              >
                <svg
                  aria-hidden="true"
                  class="MuiSvgIcon-root MuiPaginationItem-icon"
                  focusable="false"
                  viewBox="0 0 24 24"
                >
                  <path
                    d="M10 6L8.59 7.41 13.17 12l-4.58 4.59L10 18l6-6z"
                  />
                </svg>
                <span
                  class="MuiTouchRipple-root"
                />
              </button>
            </li>
          </ul>
        </nav>
      </div>
    </div>
  </body>,
  "container": <div>
    <div
      class="MuiToolbar-root MuiToolbar-regular Pagination-pagiation-1 MuiToolbar-gutters"
    >
      <nav
        aria-label="pagination navigation"
        class="MuiPagination-root"
      >
        <ul
          class="MuiPagination-ul"
        >
          <li>
            <button
              aria-label="Go to previous page"
              class="MuiButtonBase-root MuiPaginationItem-root MuiPaginationItem-page Mui-disabled Mui-disabled"
              disabled=""
              tabindex="-1"
              type="button"
            >
              <svg
                aria-hidden="true"
                class="MuiSvgIcon-root MuiPaginationItem-icon"
                focusable="false"
                viewBox="0 0 24 24"
              >
                <path
                  d="M15.41 7.41L14 6l-6 6 6 6 1.41-1.41L10.83 12z"
                />
              </svg>
            </button>
          </li>
          <li>
            <button
              aria-current="true"
              aria-label="page 1"
              class="MuiButtonBase-root MuiPaginationItem-root MuiPaginationItem-page Mui-selected"
              tabindex="0"
              type="button"
            >
              1
              <span
                class="MuiTouchRipple-root"
              />
            </button>
          </li>
          <li>
            <button
              aria-label="Go to page 2"
              class="MuiButtonBase-root MuiPaginationItem-root MuiPaginationItem-page"
              tabindex="0"
              type="button"
            >
              2
              <span
                class="MuiTouchRipple-root"
              />
            </button>
          </li>
          <li>
            <button
              aria-label="Go to page 3"
              class="MuiButtonBase-root MuiPaginationItem-root MuiPaginationItem-page"
              tabindex="0"
              type="button"
            >
              3
              <span
                class="MuiTouchRipple-root"
              />
            </button>
          </li>
          <li>
            <button
              aria-label="Go to page 4"
              class="MuiButtonBase-root MuiPaginationItem-root MuiPaginationItem-page"
              tabindex="0"
              type="button"
            >
              4
              <span
                class="MuiTouchRipple-root"
              />
            </button>
          </li>
          <li>
            <button
              aria-label="Go to page 5"
              class="MuiButtonBase-root MuiPaginationItem-root MuiPaginationItem-page"
              tabindex="0"
              type="button"
            >
              5
              <span
                class="MuiTouchRipple-root"
              />
            </button>
          </li>
          <li>
            <div
              class="MuiPaginationItem-root MuiPaginationItem-ellipsis"
            >
              …
            </div>
          </li>
          <li>
            <button
              aria-label="Go to page 125"
              class="MuiButtonBase-root MuiPaginationItem-root MuiPaginationItem-page"
              tabindex="0"
              type="button"
            >
              125
              <span
                class="MuiTouchRipple-root"
              />
            </button>
          </li>
          <li>
            <button
              aria-label="Go to next page"
              class="MuiButtonBase-root MuiPaginationItem-root MuiPaginationItem-page"
              tabindex="0"
              type="button"
            >
              <svg
                aria-hidden="true"
                class="MuiSvgIcon-root MuiPaginationItem-icon"
                focusable="false"
                viewBox="0 0 24 24"
              >
                <path
                  d="M10 6L8.59 7.41 13.17 12l-4.58 4.59L10 18l6-6z"
                />
              </svg>
              <span
                class="MuiTouchRipple-root"
              />
            </button>
          </li>
        </ul>
      </nav>
    </div>
  </div>,
  "debug": [Function],
  "findAllByAltText": [Function],
  "findAllByDisplayValue": [Function],
  "findAllByLabelText": [Function],
  "findAllByPlaceholderText": [Function],
  "findAllByRole": [Function],
  "findAllByTestId": [Function],
  "findAllByText": [Function],
  "findAllByTitle": [Function],
  "findByAltText": [Function],
  "findByDisplayValue": [Function],
  "findByLabelText": [Function],
  "findByPlaceholderText": [Function],
  "findByRole": [Function],
  "findByTestId": [Function],
  "findByText": [Function],
  "findByTitle": [Function],
  "getAllByAltText": [Function],
  "getAllByDisplayValue": [Function],
  "getAllByLabelText": [Function],
  "getAllByPlaceholderText": [Function],
  "getAllByRole": [Function],
  "getAllByTestId": [Function],
  "getAllByText": [Function],
  "getAllByTitle": [Function],
  "getByAltText": [Function],
  "getByDisplayValue": [Function],
  "getByLabelText": [Function],
  "getByPlaceholderText": [Function],
  "getByRole": [Function],
  "getByTestId": [Function],
  "getByText": [Function],
  "getByTitle": [Function],
  "queryAllByAltText": [Function],
  "queryAllByDisplayValue": [Function],
  "queryAllByLabelText": [Function],
  "queryAllByPlaceholderText": [Function],
  "queryAllByRole": [Function],
  "queryAllByTestId": [Function],
  "queryAllByText": [Function],
  "queryAllByTitle": [Function],
  "queryByAltText": [Function],
  "queryByDisplayValue": [Function],
  "queryByLabelText": [Function],
  "queryByPlaceholderText": [Function],
  "queryByRole": [Function],
  "queryByTestId": [Function],
  "queryByText": [Function],
  "queryByTitle": [Function],
  "rerender": [Function],
  "unmount": [Function],
}
`;
